// Jest Snapshot v1, https://goo.gl/fbAQLP

exports[`AddServerScreen should render correctly 1`] = `
<View
  onLayout={[Function]}
  style={
    [
      {
        "backgroundColor": undefined,
        "flex": 1,
      },
      {
        "paddingBottom": 0,
      },
    ]
  }
>
  <RNCSafeAreaView
    edges={
      {
        "bottom": "additive",
        "left": "additive",
        "right": "additive",
        "top": "off",
      }
    }
    style={
      {
        "flex": 1,
        "justifyContent": "space-evenly",
      }
    }
  >
    <View
      style={
        {
          "alignSelf": "center",
          "height": "40%",
          "maxHeight": 151,
          "maxWidth": "90%",
          "paddingVertical": 10,
        }
      }
    >
      <Image
        fadeDuration={0}
        source={
          {
            "testUri": "../../../assets/images/logo-dark.png",
          }
        }
        style={
          {
            "flex": 1,
            "maxWidth": "100%",
            "resizeMode": "contain",
          }
        }
      />
    </View>
    <View>
      <View
        style={
          {
            "paddingHorizontal": 10,
            "width": "100%",
          }
        }
      >
        <View
          style={
            {
              "alignItems": "flex-end",
              "flexDirection": "row",
            }
          }
        >
          <Text
            style={
              {
                "color": "#43484d",
                "fontSize": 16,
                "fontWeight": "bold",
              }
            }
          >
            Server Address
          </Text>
          <View
            style={
              {
                "overflow": "hidden",
                "paddingHorizontal": 10,
              }
            }
          >
            <View
              accessibilityState={
                {
                  "disabled": false,
                }
              }
              accessibilityValue={
                {
                  "max": undefined,
                  "min": undefined,
                  "now": undefined,
                  "text": undefined,
                }
              }
              accessible={true}
              focusable={true}
              onClick={[Function]}
              onResponderGrant={[Function]}
              onResponderMove={[Function]}
              onResponderRelease={[Function]}
              onResponderTerminate={[Function]}
              onResponderTerminationRequest={[Function]}
              onStartShouldSetResponder={[Function]}
            >
              <View
                style={
                  {
                    "alignItems": "center",
                    "backgroundColor": "transparent",
                    "justifyContent": "center",
                  }
                }
              >
                <Text />
              </View>
            </View>
          </View>
        </View>
        <View
          collapsable={false}
          style={
            {
              "alignItems": "center",
              "backgroundColor": "#303337",
              "borderBottomWidth": 0,
              "borderColor": "#86939e",
              "borderRadius": 3,
              "flexDirection": "row",
              "marginBottom": 12,
              "marginTop": 8,
              "transform": [
                {
                  "translateX": 0,
                },
              ],
            }
          }
        >
          <View
            style={
              {
                "alignItems": "center",
                "height": 40,
                "justifyContent": "center",
                "marginLeft": 12,
                "marginVertical": 4,
                "paddingRight": 4,
              }
            }
          >
            <View
              style={
                {
                  "overflow": "hidden",
                }
              }
            >
              <View>
                <View
                  style={
                    {
                      "alignItems": "center",
                      "backgroundColor": "transparent",
                      "justifyContent": "center",
                    }
                  }
                >
                  <Text />
                </View>
              </View>
            </View>
          </View>
          <TextInput
            autoCapitalize="none"
            autoCompleteType="off"
            autoCorrect={false}
            autoFocus={true}
            editable={true}
            keyboardType="url"
            onChangeText={[Function]}
            onSubmitEditing={[Function]}
            placeholder="https://jellyfin.org"
            placeholderTextColor="#86939e"
            returnKeyType="go"
            selectionColor="#2089dc"
            style={
              {
                "color": "#242424",
                "flex": 1,
                "fontSize": 18,
                "minHeight": 40,
              }
            }
            testID="server-input"
            textContentType="URL"
            underlineColorAndroid="transparent"
            value=""
          />
        </View>
        <Text
          style={
            {
              "color": "#ff190c",
              "fontSize": 12,
              "margin": 5,
            }
          }
        />
      </View>
    </View>
  </RNCSafeAreaView>
</View>
`;
