// Jest Snapshot v1, https://goo.gl/fbAQLP

exports[`DevSettingsScreen should render correctly 1`] = `
<RNCSafeAreaView
  edges={
    {
      "bottom": "off",
      "left": "additive",
      "right": "additive",
      "top": "off",
    }
  }
  style={
    {
      "backgroundColor": undefined,
      "flex": 1,
    }
  }
>
  <RCTScrollView
    contentContainerStyle={
      {
        "marginTop": 1,
      }
    }
    data={
      [
        {
          "badge": {
            "status": "error",
            "value": "Experimental",
          },
          "key": "experimental-audio-player-switch",
          "onValueChange": [Function],
          "title": "Native Audio Player",
          "value": false,
        },
        {
          "badge": {
            "status": "error",
            "value": "Experimental",
          },
          "key": "experimental-downloads-switch",
          "onValueChange": [Function],
          "title": "File Download Support",
          "value": false,
        },
      ]
    }
    getItem={[Function]}
    getItemCount={[Function]}
    keyExtractor={[Function]}
    onContentSizeChange={[Function]}
    onLayout={[Function]}
    onMomentumScrollBegin={[Function]}
    onMomentumScrollEnd={[Function]}
    onScroll={[Function]}
    onScrollBeginDrag={[Function]}
    onScrollEndDrag={[Function]}
    removeClippedSubviews={false}
    renderItem={[Function]}
    scrollEventThrottle={0.0001}
    showsVerticalScrollIndicator={false}
    stickyHeaderIndices={[]}
    viewabilityConfigCallbackPairs={[]}
  >
    <View>
      <View
        onFocusCapture={[Function]}
        onLayout={[Function]}
        style={null}
      >
        <View
          testID="switch-list-item"
        >
          <View
            style={
              {
                "alignItems": "center",
                "backgroundColor": "#ffffff",
                "borderBottomWidth": 0.5,
                "borderColor": "#bcbbc1",
                "borderTopWidth": 0.5,
                "flexDirection": "row",
                "padding": 14,
              }
            }
            testID="padView"
          >
            <View
              style={
                [
                  {
                    "alignItems": "flex-start",
                    "flex": 1,
                    "justifyContent": "center",
                  },
                  undefined,
                ]
              }
              theme={
                {
                  "colors": {
                    "black": "#242424",
                    "disabled": "hsl(208, 8%, 90%)",
                    "divider": "#bcbbc1",
                    "error": "#ff190c",
                    "grey0": "#393e42",
                    "grey1": "#43484d",
                    "grey2": "#5e6977",
                    "grey3": "#86939e",
                    "grey4": "#bdc6cf",
                    "grey5": "#e1e8ee",
                    "greyOutline": "#bbb",
                    "platform": {
                      "android": {
                        "error": "#f44336",
                        "grey": "rgba(0, 0, 0, 0.54)",
                        "primary": "#2196f3",
                        "searchBg": "#dcdce1",
                        "secondary": "#9C27B0",
                        "success": "#4caf50",
                        "warning": "#ffeb3b",
                      },
                      "default": {
                        "error": "#ff3b30",
                        "grey": "#7d7d7d",
                        "primary": "#007aff",
                        "searchBg": "#dcdce1",
                        "secondary": "#5856d6",
                        "success": "#4cd964",
                        "warning": "#ffcc00",
                      },
                      "ios": {
                        "error": "#ff3b30",
                        "grey": "#7d7d7d",
                        "primary": "#007aff",
                        "searchBg": "#dcdce1",
                        "secondary": "#5856d6",
                        "success": "#4cd964",
                        "warning": "#ffcc00",
                      },
                      "web": {
                        "error": "#ff190c",
                        "grey": "#393e42",
                        "primary": "#2089dc",
                        "searchBg": "#303337",
                        "secondary": "#ca71eb",
                        "success": "#52c41a",
                        "warning": "#faad14",
                      },
                    },
                    "primary": "#2089dc",
                    "searchBg": "#303337",
                    "secondary": "#ca71eb",
                    "success": "#52c41a",
                    "warning": "#faad14",
                    "white": "#ffffff",
                  },
                }
              }
            >
              <View
                style={
                  {
                    "flexDirection": "row",
                  }
                }
              >
                <Text
                  style={
                    {
                      "backgroundColor": "transparent",
                      "color": "#242424",
                      "fontSize": 17,
                    }
                  }
                  testID="title"
                >
                  Native Audio Player
                </Text>
                <View
                  style={
                    {
                      "marginStart": 8,
                    }
                  }
                >
                  <View
                    style={
                      {
                        "alignItems": "center",
                        "alignSelf": "center",
                        "backgroundColor": "#ff190c",
                        "borderColor": "#fff",
                        "borderRadius": 9,
                        "borderWidth": 0.5,
                        "height": 18,
                        "justifyContent": "center",
                        "minWidth": 18,
                      }
                    }
                    testID="badge"
                  >
                    <Text
                      style={
                        {
                          "color": "white",
                          "fontSize": 12,
                          "paddingHorizontal": 4,
                        }
                      }
                    >
                      Experimental
                    </Text>
                  </View>
                </View>
              </View>
            </View>
            <View
              style={
                {
                  "paddingLeft": 16,
                }
              }
            />
            <RCTSwitch
              accessibilityRole="switch"
              onChange={[Function]}
              onResponderTerminationRequest={[Function]}
              onStartShouldSetResponder={[Function]}
              style={
                {
                  "height": 31,
                  "width": 51,
                }
              }
              testID="switch"
              value={false}
            />
          </View>
        </View>
      </View>
      <View
        onFocusCapture={[Function]}
        onLayout={[Function]}
        style={null}
      >
        <View
          testID="switch-list-item"
        >
          <View
            style={
              {
                "alignItems": "center",
                "backgroundColor": "#ffffff",
                "borderBottomWidth": 0.5,
                "borderColor": "#bcbbc1",
                "flexDirection": "row",
                "padding": 14,
              }
            }
            testID="padView"
          >
            <View
              style={
                [
                  {
                    "alignItems": "flex-start",
                    "flex": 1,
                    "justifyContent": "center",
                  },
                  undefined,
                ]
              }
              theme={
                {
                  "colors": {
                    "black": "#242424",
                    "disabled": "hsl(208, 8%, 90%)",
                    "divider": "#bcbbc1",
                    "error": "#ff190c",
                    "grey0": "#393e42",
                    "grey1": "#43484d",
                    "grey2": "#5e6977",
                    "grey3": "#86939e",
                    "grey4": "#bdc6cf",
                    "grey5": "#e1e8ee",
                    "greyOutline": "#bbb",
                    "platform": {
                      "android": {
                        "error": "#f44336",
                        "grey": "rgba(0, 0, 0, 0.54)",
                        "primary": "#2196f3",
                        "searchBg": "#dcdce1",
                        "secondary": "#9C27B0",
                        "success": "#4caf50",
                        "warning": "#ffeb3b",
                      },
                      "default": {
                        "error": "#ff3b30",
                        "grey": "#7d7d7d",
                        "primary": "#007aff",
                        "searchBg": "#dcdce1",
                        "secondary": "#5856d6",
                        "success": "#4cd964",
                        "warning": "#ffcc00",
                      },
                      "ios": {
                        "error": "#ff3b30",
                        "grey": "#7d7d7d",
                        "primary": "#007aff",
                        "searchBg": "#dcdce1",
                        "secondary": "#5856d6",
                        "success": "#4cd964",
                        "warning": "#ffcc00",
                      },
                      "web": {
                        "error": "#ff190c",
                        "grey": "#393e42",
                        "primary": "#2089dc",
                        "searchBg": "#303337",
                        "secondary": "#ca71eb",
                        "success": "#52c41a",
                        "warning": "#faad14",
                      },
                    },
                    "primary": "#2089dc",
                    "searchBg": "#303337",
                    "secondary": "#ca71eb",
                    "success": "#52c41a",
                    "warning": "#faad14",
                    "white": "#ffffff",
                  },
                }
              }
            >
              <View
                style={
                  {
                    "flexDirection": "row",
                  }
                }
              >
                <Text
                  style={
                    {
                      "backgroundColor": "transparent",
                      "color": "#242424",
                      "fontSize": 17,
                    }
                  }
                  testID="title"
                >
                  File Download Support
                </Text>
                <View
                  style={
                    {
                      "marginStart": 8,
                    }
                  }
                >
                  <View
                    style={
                      {
                        "alignItems": "center",
                        "alignSelf": "center",
                        "backgroundColor": "#ff190c",
                        "borderColor": "#fff",
                        "borderRadius": 9,
                        "borderWidth": 0.5,
                        "height": 18,
                        "justifyContent": "center",
                        "minWidth": 18,
                      }
                    }
                    testID="badge"
                  >
                    <Text
                      style={
                        {
                          "color": "white",
                          "fontSize": 12,
                          "paddingHorizontal": 4,
                        }
                      }
                    >
                      Experimental
                    </Text>
                  </View>
                </View>
              </View>
            </View>
            <View
              style={
                {
                  "paddingLeft": 16,
                }
              }
            />
            <RCTSwitch
              accessibilityRole="switch"
              onChange={[Function]}
              onResponderTerminationRequest={[Function]}
              onStartShouldSetResponder={[Function]}
              style={
                {
                  "height": 31,
                  "width": 51,
                }
              }
              testID="switch"
              value={false}
            />
          </View>
        </View>
      </View>
    </View>
  </RCTScrollView>
</RNCSafeAreaView>
`;
