// Jest Snapshot v1, https://goo.gl/fbAQLP

exports[`DownloadScreen should render correctly 1`] = `
<RNCSafeAreaView
  edges={
    {
      "bottom": "off",
      "left": "additive",
      "right": "additive",
      "top": "off",
    }
  }
  style={
    {
      "backgroundColor": undefined,
      "flex": 1,
    }
  }
>
  <RCTScrollView
    contentContainerStyle={
      {
        "marginTop": 1,
      }
    }
    data={
      [
        DownloadModel {
          "apiKey": "api-key",
          "downloadUrl": "https://example.com/download",
          "filename": "file name.mkv",
          "isComplete": false,
          "isDownloading": false,
          "isNew": true,
          "itemId": "item-id",
          "serverId": "server-id",
          "serverUrl": "https://example.com/",
          "sessionId": "uuid-0",
          "title": "title",
        },
        DownloadModel {
          "apiKey": "api-key",
          "downloadUrl": "https://test2.example.com/download",
          "filename": "other file name.mkv",
          "isComplete": false,
          "isDownloading": false,
          "isNew": true,
          "itemId": "item-id-2",
          "serverId": "server-id",
          "serverUrl": "https://test2.example.com/",
          "sessionId": "uuid-1",
          "title": "other title",
        },
      ]
    }
    extraData={
      Map {
        "server-id_item-id" => DownloadModel {
          "apiKey": "api-key",
          "downloadUrl": "https://example.com/download",
          "filename": "file name.mkv",
          "isComplete": false,
          "isDownloading": false,
          "isNew": true,
          "itemId": "item-id",
          "serverId": "server-id",
          "serverUrl": "https://example.com/",
          "sessionId": "uuid-0",
          "title": "title",
        },
        "server-id_item-id-2" => DownloadModel {
          "apiKey": "api-key",
          "downloadUrl": "https://test2.example.com/download",
          "filename": "other file name.mkv",
          "isComplete": false,
          "isDownloading": false,
          "isNew": true,
          "itemId": "item-id-2",
          "serverId": "server-id",
          "serverUrl": "https://test2.example.com/",
          "sessionId": "uuid-1",
          "title": "other title",
        },
      }
    }
    getItem={[Function]}
    getItemCount={[Function]}
    keyExtractor={[Function]}
    onContentSizeChange={[Function]}
    onLayout={[Function]}
    onMomentumScrollBegin={[Function]}
    onMomentumScrollEnd={[Function]}
    onScroll={[Function]}
    onScrollBeginDrag={[Function]}
    onScrollEndDrag={[Function]}
    removeClippedSubviews={false}
    renderItem={[Function]}
    scrollEventThrottle={0.0001}
    stickyHeaderIndices={[]}
    viewabilityConfigCallbackPairs={[]}
  >
    <View>
      <View
        onFocusCapture={[Function]}
        onLayout={[Function]}
        style={null}
      >
        <View>
          <View
            style={
              {
                "alignItems": "center",
                "backgroundColor": "#ffffff",
                "borderBottomWidth": 0.5,
                "borderColor": "#bcbbc1",
                "borderTopWidth": 0.5,
                "flexDirection": "row",
                "padding": 14,
              }
            }
            testID="padView"
          >
            <View
              style={
                [
                  {
                    "alignItems": "flex-start",
                    "flex": 1,
                    "justifyContent": "center",
                  },
                  undefined,
                ]
              }
              theme={
                {
                  "colors": {
                    "black": "#242424",
                    "disabled": "hsl(208, 8%, 90%)",
                    "divider": "#bcbbc1",
                    "error": "#ff190c",
                    "grey0": "#393e42",
                    "grey1": "#43484d",
                    "grey2": "#5e6977",
                    "grey3": "#86939e",
                    "grey4": "#bdc6cf",
                    "grey5": "#e1e8ee",
                    "greyOutline": "#bbb",
                    "platform": {
                      "android": {
                        "error": "#f44336",
                        "grey": "rgba(0, 0, 0, 0.54)",
                        "primary": "#2196f3",
                        "searchBg": "#dcdce1",
                        "secondary": "#9C27B0",
                        "success": "#4caf50",
                        "warning": "#ffeb3b",
                      },
                      "default": {
                        "error": "#ff3b30",
                        "grey": "#7d7d7d",
                        "primary": "#007aff",
                        "searchBg": "#dcdce1",
                        "secondary": "#5856d6",
                        "success": "#4cd964",
                        "warning": "#ffcc00",
                      },
                      "ios": {
                        "error": "#ff3b30",
                        "grey": "#7d7d7d",
                        "primary": "#007aff",
                        "searchBg": "#dcdce1",
                        "secondary": "#5856d6",
                        "success": "#4cd964",
                        "warning": "#ffcc00",
                      },
                      "web": {
                        "error": "#ff190c",
                        "grey": "#393e42",
                        "primary": "#2089dc",
                        "searchBg": "#303337",
                        "secondary": "#ca71eb",
                        "success": "#52c41a",
                        "warning": "#faad14",
                      },
                    },
                    "primary": "#2089dc",
                    "searchBg": "#303337",
                    "secondary": "#ca71eb",
                    "success": "#52c41a",
                    "warning": "#faad14",
                    "white": "#ffffff",
                  },
                }
              }
            >
              <Text
                style={
                  {
                    "backgroundColor": "transparent",
                    "color": "#242424",
                    "fontSize": 17,
                  }
                }
                testID="title"
              >
                title
              </Text>
              <Text
                style={
                  {
                    "backgroundColor": "transparent",
                    "color": "#242424",
                    "fontSize": 15,
                  }
                }
                testID="subtitle"
              >
                file name.mp4
              </Text>
            </View>
            <View
              style={
                {
                  "paddingLeft": 16,
                }
              }
            />
            <ActivityIndicator
              testID="loading-indicator"
            />
          </View>
        </View>
      </View>
      <View
        onFocusCapture={[Function]}
        onLayout={[Function]}
        style={null}
      >
        <View>
          <View
            style={
              {
                "alignItems": "center",
                "backgroundColor": "#ffffff",
                "borderBottomWidth": 0.5,
                "borderColor": "#bcbbc1",
                "flexDirection": "row",
                "padding": 14,
              }
            }
            testID="padView"
          >
            <View
              style={
                [
                  {
                    "alignItems": "flex-start",
                    "flex": 1,
                    "justifyContent": "center",
                  },
                  undefined,
                ]
              }
              theme={
                {
                  "colors": {
                    "black": "#242424",
                    "disabled": "hsl(208, 8%, 90%)",
                    "divider": "#bcbbc1",
                    "error": "#ff190c",
                    "grey0": "#393e42",
                    "grey1": "#43484d",
                    "grey2": "#5e6977",
                    "grey3": "#86939e",
                    "grey4": "#bdc6cf",
                    "grey5": "#e1e8ee",
                    "greyOutline": "#bbb",
                    "platform": {
                      "android": {
                        "error": "#f44336",
                        "grey": "rgba(0, 0, 0, 0.54)",
                        "primary": "#2196f3",
                        "searchBg": "#dcdce1",
                        "secondary": "#9C27B0",
                        "success": "#4caf50",
                        "warning": "#ffeb3b",
                      },
                      "default": {
                        "error": "#ff3b30",
                        "grey": "#7d7d7d",
                        "primary": "#007aff",
                        "searchBg": "#dcdce1",
                        "secondary": "#5856d6",
                        "success": "#4cd964",
                        "warning": "#ffcc00",
                      },
                      "ios": {
                        "error": "#ff3b30",
                        "grey": "#7d7d7d",
                        "primary": "#007aff",
                        "searchBg": "#dcdce1",
                        "secondary": "#5856d6",
                        "success": "#4cd964",
                        "warning": "#ffcc00",
                      },
                      "web": {
                        "error": "#ff190c",
                        "grey": "#393e42",
                        "primary": "#2089dc",
                        "searchBg": "#303337",
                        "secondary": "#ca71eb",
                        "success": "#52c41a",
                        "warning": "#faad14",
                      },
                    },
                    "primary": "#2089dc",
                    "searchBg": "#303337",
                    "secondary": "#ca71eb",
                    "success": "#52c41a",
                    "warning": "#faad14",
                    "white": "#ffffff",
                  },
                }
              }
            >
              <Text
                style={
                  {
                    "backgroundColor": "transparent",
                    "color": "#242424",
                    "fontSize": 17,
                  }
                }
                testID="title"
              >
                other title
              </Text>
              <Text
                style={
                  {
                    "backgroundColor": "transparent",
                    "color": "#242424",
                    "fontSize": 15,
                  }
                }
                testID="subtitle"
              >
                other file name.mp4
              </Text>
            </View>
            <View
              style={
                {
                  "paddingLeft": 16,
                }
              }
            />
            <ActivityIndicator
              testID="loading-indicator"
            />
          </View>
        </View>
      </View>
    </View>
  </RCTScrollView>
</RNCSafeAreaView>
`;
