// Jest Snapshot v1, https://goo.gl/fbAQLP

exports[`LoadingScreen should render correctly 1`] = `
<View
  style={
    {
      "backgroundColor": "#101010",
      "flex": 1,
    }
  }
>
  <Image
    fadeDuration={0}
    onLoad={[Function]}
    source={
      {
        "testUri": "../../../assets/images/splash.png",
      }
    }
    style={
      {
        "flex": 1,
        "height": undefined,
        "resizeMode": "contain",
        "width": undefined,
      }
    }
  />
  <ActivityIndicator />
</View>
`;
