// Jest Snapshot v1, https://goo.gl/fbAQLP

exports[`ServerHelpScreen should render correctly 1`] = `
<RNCSafeAreaView
  edges={
    {
      "bottom": "additive",
      "left": "additive",
      "right": "additive",
      "top": "off",
    }
  }
  style={
    {
      "flex": 1,
      "paddingHorizontal": 15,
      "paddingTop": 20,
    }
  }
>
  <Image
    fadeDuration={0}
    source={
      {
        "testUri": "../../../assets/images/icon-transparent.png",
      }
    }
    style={
      {
        "alignSelf": "center",
        "height": 120,
        "marginVertical": 20,
        "resizeMode": "contain",
        "width": 120,
      }
    }
  />
  <Text
    style={
      {
        "color": "#242424",
        "fontSize": 43.714285714285715,
        "marginBottom": 20,
        "textAlign": "center",
      }
    }
  >
    What is Jellyfin?
  </Text>
  <Text
    style={
      {
        "color": "#242424",
        "flexGrow": 1,
        "lineHeight": 24,
        "marginHorizontal": 20,
        "textAlign": "center",
      }
    }
  >
    Jellyfin is the volunteer-built media solution. It allows you to host your own media and access it from anywhere.


In order to use this client, you need to host your own Jellyfin server.
  </Text>
  <View
    style={
      [
        {
          "borderRadius": 3,
          "overflow": "hidden",
        },
        {
          "borderRadius": 3,
        },
        undefined,
        false,
      ]
    }
  >
    <View
      accessibilityRole="button"
      accessibilityState={
        {
          "busy": false,
          "checked": undefined,
          "disabled": false,
          "expanded": undefined,
          "selected": undefined,
        }
      }
      accessibilityValue={
        {
          "max": undefined,
          "min": undefined,
          "now": undefined,
          "text": undefined,
        }
      }
      accessible={true}
      collapsable={false}
      focusable={true}
      onClick={[Function]}
      onResponderGrant={[Function]}
      onResponderMove={[Function]}
      onResponderRelease={[Function]}
      onResponderTerminate={[Function]}
      onResponderTerminationRequest={[Function]}
      onStartShouldSetResponder={[Function]}
      style={
        {
          "marginHorizontal": 40,
          "marginVertical": 20,
          "opacity": 1,
        }
      }
    >
      <View
        style={
          {
            "alignItems": "center",
            "backgroundColor": "transparent",
            "borderColor": "#2089dc",
            "borderRadius": 3,
            "borderWidth": 0,
            "flexDirection": "row",
            "justifyContent": "center",
            "padding": 8,
          }
        }
      >
        <Text
          style={
            {
              "color": "#2089dc",
              "fontSize": 18,
              "paddingVertical": 1,
              "textAlign": "center",
            }
          }
        >
          Learn more about how to host your own server
        </Text>
      </View>
    </View>
  </View>
  <View
    style={
      [
        {
          "borderRadius": 3,
          "overflow": "hidden",
        },
        {
          "borderRadius": 3,
        },
        undefined,
        false,
      ]
    }
  >
    <View
      accessibilityRole="button"
      accessibilityState={
        {
          "busy": false,
          "checked": undefined,
          "disabled": false,
          "expanded": undefined,
          "selected": undefined,
        }
      }
      accessibilityValue={
        {
          "max": undefined,
          "min": undefined,
          "now": undefined,
          "text": undefined,
        }
      }
      accessible={true}
      collapsable={false}
      focusable={true}
      onClick={[Function]}
      onResponderGrant={[Function]}
      onResponderMove={[Function]}
      onResponderRelease={[Function]}
      onResponderTerminate={[Function]}
      onResponderTerminationRequest={[Function]}
      onStartShouldSetResponder={[Function]}
      style={
        {
          "opacity": 1,
        }
      }
    >
      <View
        style={
          {
            "alignItems": "center",
            "backgroundColor": "#2089dc",
            "borderColor": "#2089dc",
            "borderRadius": 3,
            "borderWidth": 0,
            "flexDirection": "row",
            "justifyContent": "center",
            "padding": 8,
          }
        }
      >
        <Text
          style={
            {
              "color": "white",
              "fontSize": 18,
              "paddingVertical": 1,
              "textAlign": "center",
            }
          }
        >
          OK
        </Text>
      </View>
    </View>
  </View>
</RNCSafeAreaView>
`;
