// Jest Snapshot v1, https://goo.gl/fbAQLP

exports[`VideoPlayer should render correctly 1`] = `
<View
  style={
    [
      {
        "overflow": "hidden",
        "pointerEvents": "box-none",
      },
      undefined,
    ]
  }
>
  <ViewManagerAdapter_ExpoVideoView
    onError={[Function]}
    onFullscreenUpdate={[Function]}
    onLoad={[Function]}
    onLoadStart={[Function]}
    onReadyForDisplay={[Function]}
    onStatusUpdate={[Function]}
    resizeMode="mock"
    status={{}}
    style={
      [
        {
          "bottom": 0,
          "left": 0,
          "position": "absolute",
          "right": 0,
          "top": 0,
        },
        undefined,
      ]
    }
    useNativeControls={true}
    videoStyle={
      [
        {
          "bottom": 0,
          "left": 0,
          "position": "absolute",
          "right": 0,
          "top": 0,
        },
        undefined,
      ]
    }
  />
  <Image
    source={
      {
        "uri": null,
      }
    }
    style={
      [
        {
          "bottom": 0,
          "left": 0,
          "position": "absolute",
          "resizeMode": "contain",
          "right": 0,
          "top": 0,
        },
        undefined,
      ]
    }
  />
</View>
`;
